2026-05-09 18:01:24 - topcon_eye_monitor - INFO - TOPCON眼科数据管理系统 v1.0.0
2026-05-09 18:01:24 - topcon_eye_monitor - INFO - 后端 API: http://localhost:8000
2026-05-09 18:01:24 - topcon_eye_monitor - INFO - 前端界面: http://localhost:8501
2026-05-09 18:01:24 - topcon_eye_monitor - INFO - Streamlit 子进程已启动 (PID: 21164)
2026-05-09 18:01:24 - topcon_eye_monitor - INFO - 启动 FastAPI 服务器...
2026-05-09 18:01:24 - topcon_eye_monitor - INFO - ============================================================
2026-05-09 18:01:24 - topcon_eye_monitor - INFO - TOPCON眼科数据管理系统启动中...
2026-05-09 18:01:24 - topcon_eye_monitor - INFO - ============================================================
2026-05-09 18:01:24 - topcon_eye_monitor - INFO - 数据库初始化完成
2026-05-09 18:01:24 - topcon_eye_monitor - INFO - 已设置文件处理回调函数
2026-05-09 18:01:24 - topcon_eye_monitor - INFO - 文件监听器线程已启动
2026-05-09 18:01:24 - topcon_eye_monitor - INFO - 文件监听服务已启动
2026-05-09 18:01:24 - topcon_eye_monitor - INFO - ============================================================
2026-05-09 18:01:24 - topcon_eye_monitor - INFO - 系统启动完成！
2026-05-09 18:01:24 - topcon_eye_monitor - INFO - ============================================================
2026-05-09 18:01:24 - topcon_eye_monitor - INFO - ✓ 文件监听服务已启动
2026-05-09 18:01:24 - topcon_eye_monitor - INFO -   监听目录: C:\Users\wavin\OneDrive\Program\眼科程序\dist
2026-05-09 18:01:24 - topcon_eye_monitor - INFO -   支持格式: XML
2026-05-09 18:01:26 - topcon_eye_monitor - INFO - 已打开浏览器: http://localhost:8501
2026-05-09 18:04:28 - topcon_eye_monitor - INFO - TOPCON眼科数据管理系统 v1.0.0
2026-05-09 18:04:28 - topcon_eye_monitor - INFO - 后端 API: http://localhost:8000
2026-05-09 18:04:28 - topcon_eye_monitor - INFO - 前端界面: http://localhost:8501
2026-05-09 18:04:28 - topcon_eye_monitor - INFO - Streamlit 子进程已启动 (PID: 7336)
2026-05-09 18:04:28 - topcon_eye_monitor - INFO - 启动 FastAPI 服务器...
2026-05-09 18:04:28 - topcon_eye_monitor - INFO - ============================================================
2026-05-09 18:04:28 - topcon_eye_monitor - INFO - TOPCON眼科数据管理系统启动中...
2026-05-09 18:04:28 - topcon_eye_monitor - INFO - ============================================================
2026-05-09 18:04:28 - topcon_eye_monitor - INFO - 数据库初始化完成
2026-05-09 18:04:28 - topcon_eye_monitor - INFO - 已设置文件处理回调函数
2026-05-09 18:04:28 - topcon_eye_monitor - INFO - 文件监听器线程已启动
2026-05-09 18:04:28 - topcon_eye_monitor - INFO - 文件监听服务已启动
2026-05-09 18:04:28 - topcon_eye_monitor - INFO - ============================================================
2026-05-09 18:04:28 - topcon_eye_monitor - INFO - 系统启动完成！
2026-05-09 18:04:28 - topcon_eye_monitor - INFO - ============================================================
2026-05-09 18:04:28 - topcon_eye_monitor - INFO - ✓ 文件监听服务已启动
2026-05-09 18:04:28 - topcon_eye_monitor - INFO -   监听目录: C:\Users\wavin\OneDrive\Program\眼科程序\dist
2026-05-09 18:04:28 - topcon_eye_monitor - INFO -   支持格式: XML
2026-05-09 18:04:30 - topcon_eye_monitor - INFO - 已打开浏览器: http://localhost:8501
