2026-05-09 18:04:29.451 WARNING streamlit.config: 
Warning: the config option 'server.enableCORS=false' is not compatible with
'server.enableXsrfProtection=true'.
As a result, 'server.enableCORS' is being overridden to 'true'.

More information:
In order to protect against CSRF attacks, we send a cookie with each request.
To do so, we must specify allowable origins, which places a restriction on
cross-origin resource sharing.

If cross origin resource sharing is required, please disable server.enableXsrfProtection.
            
2026-05-09 18:04:29.469 Filtered 9 packages down to 0 candidates for component scanning
2026-05-09 18:04:29.470 DEBUG   streamlit.components.v2.component_file_watcher: No asset roots to watch
2026-05-09 18:04:29.470 DEBUG   streamlit.components.v2.component_manager: File watching not started
2026-05-09 18:04:29.470 Starting new event loop for server
2026-05-09 18:04:29.471 DEBUG   streamlit.web.server.server: Starting server...
2026-05-09 18:04:29.478 DEBUG   streamlit.web.server.starlette.starlette_server: Starting uvicorn server on 0.0.0.0:8501
2026-05-09 18:04:29.498 DEBUG   streamlit.runtime.runtime: Runtime state: RuntimeState.INITIAL -> RuntimeState.NO_SESSIONS_CONNECTED
2026-05-09 18:04:29.499 INFO    streamlit.web.server.starlette.starlette_server: Uvicorn server started on 0.0.0.0:8501
2026-05-09 18:04:29.501 Setting up signal handler
2026-05-09 18:04:30.465 No singleton. Registering one.
2026-05-09 18:04:30.467 Watcher created for C:\Users\wavin\AppData\Local\Temp\_MEI546642\app\streamlit_app.py
2026-05-09 18:04:30.467 DEBUG   streamlit.runtime.app_session: AppSession initialized (id=49e5a080-410a-4882-b39d-1cc971fd625e)
2026-05-09 18:04:30.467 DEBUG   streamlit.runtime.websocket_session_manager: Created new session for client 2267606864560. Session ID: 49e5a080-410a-4882-b39d-1cc971fd625e
2026-05-09 18:04:30.467 DEBUG   streamlit.runtime.runtime: Runtime state: RuntimeState.NO_SESSIONS_CONNECTED -> RuntimeState.ONE_OR_MORE_SESSIONS_CONNECTED
2026-05-09 18:04:30.491 DEBUG   streamlit.runtime.scriptrunner.script_runner: Beginning script thread
2026-05-09 18:04:30.491 DEBUG   streamlit.runtime.scriptrunner.script_runner: Running script
2026-05-09 18:04:30.491 DEBUG   streamlit.runtime.media_file_manager: Disconnecting files for session with ID 49e5a080-410a-4882-b39d-1cc971fd625e
2026-05-09 18:04:30.491 DEBUG   streamlit.runtime.media_file_manager: Sessions still active: dict_keys([])
2026-05-09 18:04:30.492 DEBUG   streamlit.runtime.media_file_manager: Files: 0; Sessions with files: 0
2026-05-09 18:04:30.589 Watcher created for C:\Users\wavin\AppData\Local\Temp\_MEI546642\app\streamlit_app.py
2026-05-09 18:04:30.589 DEBUG   streamlit.runtime.app_session: AppSession initialized (id=c75eb7a1-7a6b-4dc6-8b7c-d883482ae355)
2026-05-09 18:04:30.589 DEBUG   streamlit.runtime.websocket_session_manager: Created new session for client 2267632361040. Session ID: c75eb7a1-7a6b-4dc6-8b7c-d883482ae355
2026-05-09 18:04:30.590 DEBUG   streamlit.runtime.runtime: Runtime state: RuntimeState.ONE_OR_MORE_SESSIONS_CONNECTED -> RuntimeState.ONE_OR_MORE_SESSIONS_CONNECTED
2026-05-09 18:04:30.604 DEBUG   streamlit.runtime.scriptrunner.script_runner: Beginning script thread
2026-05-09 18:04:30.604 DEBUG   streamlit.runtime.scriptrunner.script_runner: Running script
2026-05-09 18:04:30.604 DEBUG   streamlit.runtime.media_file_manager: Disconnecting files for session with ID c75eb7a1-7a6b-4dc6-8b7c-d883482ae355
2026-05-09 18:04:30.604 DEBUG   streamlit.runtime.media_file_manager: Sessions still active: dict_keys([])
2026-05-09 18:04:30.604 DEBUG   streamlit.runtime.media_file_manager: Files: 0; Sessions with files: 0
2026-05-09 18:04:31.058 WARNING streamlit.deprecation_util: Please replace `st.components.v1.html` with `st.iframe`.

`st.components.v1.html` will be removed after 2026-06-01.
2026-05-09 18:04:31.059 DEBUG   streamlit.runtime.media_file_manager: Removing orphaned files...
2026-05-09 18:04:31.059 DEBUG   streamlit.runtime.media_file_manager: Removing orphaned deferred callables...
2026-05-09 18:04:31.806 WARNING streamlit.deprecation_util: Please replace `st.components.v1.html` with `st.iframe`.

`st.components.v1.html` will be removed after 2026-06-01.
2026-05-09 18:04:31.807 DEBUG   streamlit.runtime.media_file_manager: Removing orphaned files...
2026-05-09 18:04:31.808 DEBUG   streamlit.runtime.media_file_manager: Removing orphaned deferred callables...
2026-05-09 18:04:39.879 DEBUG   streamlit.runtime.scriptrunner.script_runner: Beginning script thread
2026-05-09 18:04:39.880 DEBUG   streamlit.runtime.scriptrunner.script_runner: Running script
2026-05-09 18:04:39.880 DEBUG   streamlit.runtime.media_file_manager: Disconnecting files for session with ID c75eb7a1-7a6b-4dc6-8b7c-d883482ae355
2026-05-09 18:04:39.881 DEBUG   streamlit.runtime.media_file_manager: Sessions still active: dict_keys([])
2026-05-09 18:04:39.881 DEBUG   streamlit.runtime.media_file_manager: Files: 0; Sessions with files: 0
2026-05-09 18:04:39.960 WARNING streamlit.deprecation_util: Please replace `st.components.v1.html` with `st.iframe`.

`st.components.v1.html` will be removed after 2026-06-01.
2026-05-09 18:04:39.961 DEBUG   streamlit.runtime.media_file_manager: Removing orphaned files...
2026-05-09 18:04:39.961 DEBUG   streamlit.runtime.media_file_manager: Removing orphaned deferred callables...
2026-05-09 18:04:40.332 DEBUG   streamlit.runtime.scriptrunner.script_runner: Beginning script thread
2026-05-09 18:04:40.332 DEBUG   streamlit.runtime.scriptrunner.script_runner: Running script
2026-05-09 18:04:40.332 DEBUG   streamlit.runtime.media_file_manager: Disconnecting files for session with ID c75eb7a1-7a6b-4dc6-8b7c-d883482ae355
2026-05-09 18:04:40.332 DEBUG   streamlit.runtime.media_file_manager: Sessions still active: dict_keys([])
2026-05-09 18:04:40.332 DEBUG   streamlit.runtime.media_file_manager: Files: 0; Sessions with files: 0
2026-05-09 18:04:40.373 WARNING streamlit.deprecation_util: Please replace `st.components.v1.html` with `st.iframe`.

`st.components.v1.html` will be removed after 2026-06-01.
2026-05-09 18:04:40.373 DEBUG   streamlit.runtime.media_file_manager: Removing orphaned files...
2026-05-09 18:04:40.373 DEBUG   streamlit.runtime.media_file_manager: Removing orphaned deferred callables...
2026-05-09 18:04:41.626 DEBUG   streamlit.runtime.scriptrunner.script_runner: Beginning script thread
2026-05-09 18:04:41.626 DEBUG   streamlit.runtime.scriptrunner.script_runner: Running script
2026-05-09 18:04:41.626 DEBUG   streamlit.runtime.media_file_manager: Disconnecting files for session with ID c75eb7a1-7a6b-4dc6-8b7c-d883482ae355
2026-05-09 18:04:41.626 DEBUG   streamlit.runtime.media_file_manager: Sessions still active: dict_keys([])
2026-05-09 18:04:41.626 DEBUG   streamlit.runtime.media_file_manager: Files: 0; Sessions with files: 0
2026-05-09 18:04:41.654 WARNING streamlit.deprecation_util: Please replace `st.components.v1.html` with `st.iframe`.

`st.components.v1.html` will be removed after 2026-06-01.
2026-05-09 18:04:41.654 DEBUG   streamlit.runtime.media_file_manager: Removing orphaned files...
2026-05-09 18:04:41.655 DEBUG   streamlit.runtime.media_file_manager: Removing orphaned deferred callables...
2026-05-09 18:04:41.807 DEBUG   streamlit.runtime.scriptrunner.script_runner: Beginning script thread
2026-05-09 18:04:41.807 DEBUG   streamlit.runtime.scriptrunner.script_runner: Running script
2026-05-09 18:04:41.807 DEBUG   streamlit.runtime.media_file_manager: Disconnecting files for session with ID c75eb7a1-7a6b-4dc6-8b7c-d883482ae355
2026-05-09 18:04:41.807 DEBUG   streamlit.runtime.media_file_manager: Sessions still active: dict_keys([])
2026-05-09 18:04:41.807 DEBUG   streamlit.runtime.media_file_manager: Files: 0; Sessions with files: 0
2026-05-09 18:04:41.853 WARNING streamlit.deprecation_util: Please replace `st.components.v1.html` with `st.iframe`.

`st.components.v1.html` will be removed after 2026-06-01.
2026-05-09 18:04:41.854 DEBUG   streamlit.runtime.media_file_manager: Removing orphaned files...
2026-05-09 18:04:41.854 DEBUG   streamlit.runtime.media_file_manager: Removing orphaned deferred callables...
2026-05-09 18:04:54.966 DEBUG   streamlit.runtime.runtime: Runtime state: RuntimeState.ONE_OR_MORE_SESSIONS_CONNECTED -> RuntimeState.NO_SESSIONS_CONNECTED
